// Jest Snapshot v1, https://goo.gl/fbAQLP

exports[`App test Should render same text passed into ... 1`] = `
<nav
  className="navBar"
>
  <div
    id="title"
  >
    <h1>
      Math Magicians
    </h1>
  </div>
  <ul>
    <li>
      <a
        aria-current={null}
        href="#/home"
        onClick={[Function]}
      >
        Home
      </a>
    </li>
    <li>
      <a
        aria-current={null}
        href="#/calculator"
        onClick={[Function]}
      >
        Calculator
      </a>
    </li>
    <li>
      <a
        aria-current={null}
        href="#/quote"
        onClick={[Function]}
      >
        Quote
      </a>
    </li>
  </ul>
</nav>
`;
