// Jest Snapshot v1, https://goo.gl/fbAQLP

exports[`Home test Should render same text passed into ... 1`] = `
<div
  style={
    Object {
      "fontSize": "1rem",
      "margin": "2rem 0",
    }
  }
>
  <h2
    style={
      Object {
        "margin": "2rem 0",
      }
    }
  >
    Welcome to our page!
  </h2>
  <p>
    Lorem ipsum odor amet, consectetuer adipiscing elit. Purus quis posuere erat erat libero mattis tellus dui pretium. Gravida lobortis tellus ultricies ultrices sagittis montes primis. Facilisis eu aptent est et class vehicula euismod. Lorem senectus suspendisse sapien nec ligula interdum dignissim vehicula. Fringilla cursus convallis enim eleifend facilisi suscipit ornare scelerisque. In finibus donec accumsan mollis nullam congue. Nisl consequat feugiat commodo blandit dui tristique blandit suspendisse. Habitasse leo ipsum amet etiam nostra semper leo ornare vel.
  </p>
  <p>
    Lorem ipsum odor amet, consectetuer adipiscing elit. Purus quis posuere erat erat libero mattis tellus dui pretium. Gravida lobortis tellus ultricies ultrices sagittis montes primis. Facilisis eu aptent est et class vehicula euismod. Lorem senectus suspendisse sapien nec ligula interdum dignissim vehicula. Fringilla cursus convallis enim eleifend facilisi suscipit ornare scelerisque. In finibus donec accumsan mollis nullam congue. Nisl consequat feugiat commodo blandit dui tristique blandit suspendisse. Habitasse leo ipsum amet etiam nostra semper leo ornare vel.
  </p>
</div>
`;

exports[`Home test renders the main heading 1`] = `
<h2
  style="margin: 2rem 0px;"
>
  Welcome to our page!
</h2>
`;
